// Vitest Snapshot v1, https://vitest.dev/guide/snapshot.html

exports[`basic ssr test suite > renders a button on the server side 1`] = `
<x-button>
  <template shadowrootmode="open">
    <span>
      Looks like an SSR environment?: true
    </span>
    <span>
      <code>
        typeof window
      </code>
      : undefined
    </span>
    <span>
      Was I clicked?: false
    </span>
    <button class="pretty">
      I am a button!
    </button>
  </template>
</x-button>
`;
